#1
5
3
#2
6
9
#3
5 3 4
#4
12
#5
5
6
#6
6
12
#7
5 6 7
#8
18