//The final string formed after erasing the requested number of characters.
"cdfhlnrtxd"
"nrtxdflprvbhjptvbfltxzdfj"
"xvjptvbfltxzdfj"