//Note: In the sample case, the suitable pairs are:
//a1*a4 =8   =2^3
//a1*a6 =1   =1^3
//a2*a3 =27  =3^3
//a3*a5 =216 =6^3
//a4*a6 =8   =2^3
5
