140, 80, 160, 60, 90, 30, 110, 10, 100, 40, 120, 20, 130, 70, 150, 50
1, 7, -2, 4
47, 47, 47, 47, 47, 47, 47, 47, 47, 47, 47, 47, 47, 47, 47, 47, 47, 47, 47, 47, 47, 47, 47, 47, 47